2026-07-09 16:58:54 - [Program] Starting BingPaper...
2026-07-09 16:58:54 - [Program] Bootstrap.TryInitialize returned: hresult=0x00000000
2026-07-09 16:58:54 - [Program] WinRT.ComWrappersSupport.InitializeComWrappers() called
2026-07-09 16:58:55 - [Program] Application.Start callback invoked
2026-07-09 16:58:55 - [Program] SynchronizationContext set
2026-07-09 16:58:56 - [Program] App instance created
2026-07-09 16:59:02 - [Program] MainWindow created
2026-07-09 16:59:04 - [Program] Tray initialized
2026-07-09 16:59:04 - [Program] ShouldStartMinimized=False
2026-07-09 16:59:05 - [Program] Window activated
2026-07-09 17:04:15 - [Program] Starting BingPaper...
2026-07-09 17:04:15 - [Program] Bootstrap.TryInitialize returned: hresult=0x00000000
2026-07-09 17:04:15 - [Program] WinRT.ComWrappersSupport.InitializeComWrappers() called
2026-07-09 17:04:15 - [Program] Application.Start callback invoked
2026-07-09 17:04:15 - [Program] SynchronizationContext set
2026-07-09 17:04:16 - [Program] App instance created
2026-07-09 17:04:17 - [Program] MainWindow created
2026-07-09 17:04:17 - [Program] Tray initialized
2026-07-09 17:04:17 - [Program] ShouldStartMinimized=False
2026-07-09 17:04:17 - [Program] Window activated
2026-07-09 17:28:53 - [Program] Starting BingPaper...
2026-07-09 17:28:53 - [Program] Bootstrap.TryInitialize returned: hresult=0x00000000
2026-07-09 17:28:53 - [Program] WinRT.ComWrappersSupport.InitializeComWrappers() called
2026-07-09 17:28:53 - [Program] Application.Start callback invoked
2026-07-09 17:28:53 - [Program] SynchronizationContext set
2026-07-09 17:28:53 - [Program] App instance created
2026-07-09 17:28:54 - [Program] MainWindow created
2026-07-09 17:28:55 - [Program] Tray initialized
2026-07-09 17:28:55 - [Program] ShouldStartMinimized=False
2026-07-09 17:28:55 - [Program] Window activated
2026-07-09 18:21:54 - [Program] Starting BingPaper...
2026-07-09 18:21:54 - [Program] Bootstrap.TryInitialize returned: hresult=0x00000000
2026-07-09 18:21:54 - [Program] WinRT.ComWrappersSupport.InitializeComWrappers() called
2026-07-09 18:21:55 - [Program] Application.Start callback invoked
2026-07-09 18:21:55 - [Program] SynchronizationContext set
2026-07-09 18:21:55 - [Program] App instance created
2026-07-09 18:21:56 - [Program] MainWindow created
2026-07-09 18:21:58 - [Program] Tray initialized
2026-07-09 18:21:58 - [Program] ShouldStartMinimized=False
2026-07-09 18:21:58 - [Program] Window activated
2026-07-09 18:29:05 - [Program] Starting BingPaper...
2026-07-09 18:29:05 - [Program] Bootstrap.TryInitialize returned: hresult=0x00000000
2026-07-09 18:29:05 - [Program] WinRT.ComWrappersSupport.InitializeComWrappers() called
2026-07-09 18:29:06 - [Program] Application.Start callback invoked
2026-07-09 18:29:06 - [Program] SynchronizationContext set
2026-07-09 18:29:06 - [Program] App instance created
2026-07-09 18:29:07 - [Program] MainWindow created
2026-07-09 18:29:07 - [Program] Tray initialized
2026-07-09 18:29:07 - [Program] ShouldStartMinimized=False
2026-07-09 18:29:08 - [Program] Window activated
