2026-07-11 16:20:03 - [Program] Starting BingWPDLHelper...
2026-07-11 16:20:03 - [Program] Bootstrap.TryInitialize returned: hresult=0x00000000
2026-07-11 16:20:03 - [Program] WinRT.ComWrappersSupport.InitializeComWrappers() called
2026-07-11 16:20:03 - [Program] Application.Start callback invoked
2026-07-11 16:20:03 - [Program] SynchronizationContext set
2026-07-11 16:20:03 - [Program] App instance created
2026-07-11 16:20:06 - [Program] MainWindow created
2026-07-11 16:20:07 - [Program] Window activated
----- EXCEPTION 2026-07-11T16:20:36.9444985+08:00 -----
Type: System.UnauthorizedAccessException
Message: Access to the path 'C:\Users\Vapegirl233\AppData\Roaming\WPDLHelper\AutoUpdate\bing-wallpaper-main\.github\workflows\maven.yml' is denied.
StackTrace:
   at Microsoft.Win32.SafeHandles.SafeFileHandle.CreateFile(String fullPath, FileMode mode, FileAccess access, FileShare share, FileOptions options)
   at Microsoft.Win32.SafeHandles.SafeFileHandle.Open(String fullPath, FileMode mode, FileAccess access, FileShare share, FileOptions options, Int64 preallocationSize, Nullable`1 unixCreateMode)
   at System.IO.Strategies.OSFileStreamStrategy..ctor(String path, FileMode mode, FileAccess access, FileShare share, FileOptions options, Int64 preallocationSize, Nullable`1 unixCreateMode)
   at System.IO.Strategies.FileStreamHelpers.ChooseStrategyCore(String path, FileMode mode, FileAccess access, FileShare share, FileOptions options, Int64 preallocationSize, Nullable`1 unixCreateMode)
   at System.IO.FileStream..ctor(String path, FileStreamOptions options)
   at System.IO.Compression.ZipFileExtensions.ExtractToFile(ZipArchiveEntry source, String destinationFileName, Boolean overwrite)
   at System.IO.Compression.ZipFileExtensions.ExtractRelativeToDirectory(ZipArchiveEntry source, String destinationDirectoryName, Boolean overwrite)
   at System.IO.Compression.ZipFileExtensions.ExtractToDirectory(ZipArchive source, String destinationDirectoryName, Boolean overwriteFiles)
   at BingPaper.MainWindow.AutoUpdateListAsync() in E:\Users\Administrator\source\repos\BingPaper\MainWindow.xaml.cs:line 2793

----- EXCEPTION 2026-07-11T16:20:48.2662228+08:00 -----
Type: System.UnauthorizedAccessException
Message: Access to the path 'C:\Users\Vapegirl233\AppData\Roaming\WPDLHelper\AutoUpdate\bing-wallpaper-main\.github\workflows\maven.yml' is denied.
StackTrace:
   at Microsoft.Win32.SafeHandles.SafeFileHandle.CreateFile(String fullPath, FileMode mode, FileAccess access, FileShare share, FileOptions options)
   at Microsoft.Win32.SafeHandles.SafeFileHandle.Open(String fullPath, FileMode mode, FileAccess access, FileShare share, FileOptions options, Int64 preallocationSize, Nullable`1 unixCreateMode)
   at System.IO.Strategies.OSFileStreamStrategy..ctor(String path, FileMode mode, FileAccess access, FileShare share, FileOptions options, Int64 preallocationSize, Nullable`1 unixCreateMode)
   at System.IO.Strategies.FileStreamHelpers.ChooseStrategyCore(String path, FileMode mode, FileAccess access, FileShare share, FileOptions options, Int64 preallocationSize, Nullable`1 unixCreateMode)
   at System.IO.FileStream..ctor(String path, FileStreamOptions options)
   at System.IO.Compression.ZipFileExtensions.ExtractToFile(ZipArchiveEntry source, String destinationFileName, Boolean overwrite)
   at System.IO.Compression.ZipFileExtensions.ExtractRelativeToDirectory(ZipArchiveEntry source, String destinationDirectoryName, Boolean overwrite)
   at System.IO.Compression.ZipFileExtensions.ExtractToDirectory(ZipArchive source, String destinationDirectoryName, Boolean overwriteFiles)
   at BingPaper.MainWindow.AutoUpdateListAsync() in E:\Users\Administrator\source\repos\BingPaper\MainWindow.xaml.cs:line 2793

2026-07-11 16:23:14 - [Program] Starting BingWPDLHelper...
2026-07-11 16:23:14 - [Program] Bootstrap.TryInitialize returned: hresult=0x00000000
2026-07-11 16:23:14 - [Program] WinRT.ComWrappersSupport.InitializeComWrappers() called
2026-07-11 16:23:14 - [Program] Application.Start callback invoked
2026-07-11 16:23:14 - [Program] SynchronizationContext set
2026-07-11 16:23:15 - [Program] App instance created
2026-07-11 16:23:17 - [Program] MainWindow created
2026-07-11 16:23:18 - [Program] Window activated
----- EXCEPTION 2026-07-11T16:23:44.9536133+08:00 -----
Type: System.UnauthorizedAccessException
Message: Access to the path 'C:\Users\Vapegirl233\AppData\Roaming\WPDLHelper\AutoUpdate\bing-wallpaper-main\.github\workflows\maven.yml' is denied.
StackTrace:
   at Microsoft.Win32.SafeHandles.SafeFileHandle.CreateFile(String fullPath, FileMode mode, FileAccess access, FileShare share, FileOptions options)
   at Microsoft.Win32.SafeHandles.SafeFileHandle.Open(String fullPath, FileMode mode, FileAccess access, FileShare share, FileOptions options, Int64 preallocationSize, Nullable`1 unixCreateMode)
   at System.IO.Strategies.OSFileStreamStrategy..ctor(String path, FileMode mode, FileAccess access, FileShare share, FileOptions options, Int64 preallocationSize, Nullable`1 unixCreateMode)
   at System.IO.Strategies.FileStreamHelpers.ChooseStrategyCore(String path, FileMode mode, FileAccess access, FileShare share, FileOptions options, Int64 preallocationSize, Nullable`1 unixCreateMode)
   at System.IO.FileStream..ctor(String path, FileStreamOptions options)
   at System.IO.Compression.ZipFileExtensions.ExtractToFile(ZipArchiveEntry source, String destinationFileName, Boolean overwrite)
   at System.IO.Compression.ZipFileExtensions.ExtractRelativeToDirectory(ZipArchiveEntry source, String destinationDirectoryName, Boolean overwrite)
   at System.IO.Compression.ZipFileExtensions.ExtractToDirectory(ZipArchive source, String destinationDirectoryName, Boolean overwriteFiles)
   at BingPaper.MainWindow.AutoUpdateListAsync() in E:\Users\Administrator\source\repos\BingPaper\MainWindow.xaml.cs:line 2797

2026-07-11 16:26:12 - [Program] Starting BingWPDLHelper...
2026-07-11 16:26:12 - [Program] Bootstrap.TryInitialize returned: hresult=0x00000000
2026-07-11 16:26:12 - [Program] WinRT.ComWrappersSupport.InitializeComWrappers() called
2026-07-11 16:26:13 - [Program] Application.Start callback invoked
2026-07-11 16:26:13 - [Program] SynchronizationContext set
2026-07-11 16:26:13 - [Program] App instance created
2026-07-11 16:26:16 - [Program] MainWindow created
2026-07-11 16:26:16 - [Program] Window activated
2026-07-11 16:26:28 - [Program] Starting BingWPDLHelper...
2026-07-11 16:26:29 - [Program] Bootstrap.TryInitialize returned: hresult=0x00000000
2026-07-11 16:26:29 - [Program] WinRT.ComWrappersSupport.InitializeComWrappers() called
2026-07-11 16:26:29 - [Program] Application.Start callback invoked
2026-07-11 16:26:29 - [Program] SynchronizationContext set
2026-07-11 16:26:29 - [Program] App instance created
2026-07-11 16:26:31 - [Program] MainWindow created
2026-07-11 16:26:32 - [Program] Window activated
2026-07-11 16:31:16 - [Program] Starting BingWPDLHelper...
2026-07-11 16:31:16 - [Program] Bootstrap.TryInitialize returned: hresult=0x00000000
2026-07-11 16:31:16 - [Program] WinRT.ComWrappersSupport.InitializeComWrappers() called
2026-07-11 16:31:16 - [Program] Application.Start callback invoked
2026-07-11 16:31:16 - [Program] SynchronizationContext set
2026-07-11 16:31:17 - [Program] App instance created
2026-07-11 16:31:19 - [Program] MainWindow created
2026-07-11 16:31:20 - [Program] Window activated
----- EXCEPTION 2026-07-11T16:31:32.4014757+08:00 -----
Type: System.UnauthorizedAccessException
Message: Access to the path 'C:\Users\Vapegirl233\AppData\Roaming\WPDLHelper\AutoUpdate\bing-wallpaper-main\.github\workflows\maven.yml' is denied.
StackTrace:
   at Microsoft.Win32.SafeHandles.SafeFileHandle.CreateFile(String fullPath, FileMode mode, FileAccess access, FileShare share, FileOptions options)
   at Microsoft.Win32.SafeHandles.SafeFileHandle.Open(String fullPath, FileMode mode, FileAccess access, FileShare share, FileOptions options, Int64 preallocationSize, Nullable`1 unixCreateMode)
   at System.IO.Strategies.OSFileStreamStrategy..ctor(String path, FileMode mode, FileAccess access, FileShare share, FileOptions options, Int64 preallocationSize, Nullable`1 unixCreateMode)
   at System.IO.Strategies.FileStreamHelpers.ChooseStrategyCore(String path, FileMode mode, FileAccess access, FileShare share, FileOptions options, Int64 preallocationSize, Nullable`1 unixCreateMode)
   at System.IO.FileStream..ctor(String path, FileStreamOptions options)
   at System.IO.Compression.ZipFileExtensions.ExtractToFile(ZipArchiveEntry source, String destinationFileName, Boolean overwrite)
   at System.IO.Compression.ZipFileExtensions.ExtractRelativeToDirectory(ZipArchiveEntry source, String destinationDirectoryName, Boolean overwrite)
   at System.IO.Compression.ZipFileExtensions.ExtractToDirectory(ZipArchive source, String destinationDirectoryName, Boolean overwriteFiles)
   at BingPaper.MainWindow.AutoUpdateListAsync() in E:\Users\Administrator\source\repos\BingPaper\MainWindow.xaml.cs:line 2798

2026-07-11 16:35:15 - [Program] Starting BingWPDLHelper...
2026-07-11 16:35:15 - [Program] Bootstrap.TryInitialize returned: hresult=0x00000000
2026-07-11 16:35:15 - [Program] WinRT.ComWrappersSupport.InitializeComWrappers() called
2026-07-11 16:35:15 - [Program] Application.Start callback invoked
2026-07-11 16:35:15 - [Program] SynchronizationContext set
2026-07-11 16:35:15 - [Program] App instance created
2026-07-11 16:35:18 - [Program] MainWindow created
2026-07-11 16:35:18 - [Program] Window activated
2026-07-11 16:35:40 - [Program] Starting BingWPDLHelper...
2026-07-11 16:35:40 - [Program] Bootstrap.TryInitialize returned: hresult=0x00000000
2026-07-11 16:35:40 - [Program] WinRT.ComWrappersSupport.InitializeComWrappers() called
2026-07-11 16:35:41 - [Program] Application.Start callback invoked
2026-07-11 16:35:41 - [Program] SynchronizationContext set
2026-07-11 16:35:41 - [Program] App instance created
2026-07-11 16:35:43 - [Program] MainWindow created
2026-07-11 16:35:44 - [Program] Window activated
----- EXCEPTION 2026-07-11T16:36:58.6524180+08:00 -----
Type: System.UnauthorizedAccessException
Message: Access to the path 'C:\Users\Vapegirl233\AppData\Roaming\WPDLHelper\AutoUpdate\bing-wallpaper-main\.github\workflows\maven.yml' is denied.
StackTrace:
   at Microsoft.Win32.SafeHandles.SafeFileHandle.CreateFile(String fullPath, FileMode mode, FileAccess access, FileShare share, FileOptions options)
   at Microsoft.Win32.SafeHandles.SafeFileHandle.Open(String fullPath, FileMode mode, FileAccess access, FileShare share, FileOptions options, Int64 preallocationSize, Nullable`1 unixCreateMode)
   at System.IO.Strategies.OSFileStreamStrategy..ctor(String path, FileMode mode, FileAccess access, FileShare share, FileOptions options, Int64 preallocationSize, Nullable`1 unixCreateMode)
   at System.IO.Strategies.FileStreamHelpers.ChooseStrategyCore(String path, FileMode mode, FileAccess access, FileShare share, FileOptions options, Int64 preallocationSize, Nullable`1 unixCreateMode)
   at System.IO.FileStream..ctor(String path, FileStreamOptions options)
   at System.IO.Compression.ZipFileExtensions.ExtractToFile(ZipArchiveEntry source, String destinationFileName, Boolean overwrite)
   at System.IO.Compression.ZipFileExtensions.ExtractRelativeToDirectory(ZipArchiveEntry source, String destinationDirectoryName, Boolean overwrite)
   at System.IO.Compression.ZipFileExtensions.ExtractToDirectory(ZipArchive source, String destinationDirectoryName, Boolean overwriteFiles)
   at BingPaper.MainWindow.AutoUpdateListAsync() in E:\Users\Administrator\source\repos\BingPaper\MainWindow.xaml.cs:line 2800

2026-07-11 16:40:05 - [Program] Starting BingWPDLHelper...
2026-07-11 16:40:05 - [Program] Bootstrap.TryInitialize returned: hresult=0x00000000
2026-07-11 16:40:05 - [Program] WinRT.ComWrappersSupport.InitializeComWrappers() called
2026-07-11 16:40:05 - [Program] Application.Start callback invoked
2026-07-11 16:40:05 - [Program] SynchronizationContext set
2026-07-11 16:40:05 - [Program] App instance created
2026-07-11 16:40:08 - [Program] MainWindow created
2026-07-11 16:40:08 - [Program] Window activated
----- EXCEPTION 2026-07-11T16:40:31.0717111+08:00 -----
Type: System.UnauthorizedAccessException
Message: Access to the path 'C:\Users\Vapegirl233\AppData\Roaming\WPDLHelper\AutoUpdate\bing-wallpaper-main\.github\workflows\maven.yml' is denied.
StackTrace:
   at Microsoft.Win32.SafeHandles.SafeFileHandle.CreateFile(String fullPath, FileMode mode, FileAccess access, FileShare share, FileOptions options)
   at Microsoft.Win32.SafeHandles.SafeFileHandle.Open(String fullPath, FileMode mode, FileAccess access, FileShare share, FileOptions options, Int64 preallocationSize, Nullable`1 unixCreateMode)
   at System.IO.Strategies.OSFileStreamStrategy..ctor(String path, FileMode mode, FileAccess access, FileShare share, FileOptions options, Int64 preallocationSize, Nullable`1 unixCreateMode)
   at System.IO.Strategies.FileStreamHelpers.ChooseStrategyCore(String path, FileMode mode, FileAccess access, FileShare share, FileOptions options, Int64 preallocationSize, Nullable`1 unixCreateMode)
   at System.IO.FileStream..ctor(String path, FileStreamOptions options)
   at System.IO.Compression.ZipFileExtensions.ExtractToFile(ZipArchiveEntry source, String destinationFileName, Boolean overwrite)
   at System.IO.Compression.ZipFileExtensions.ExtractRelativeToDirectory(ZipArchiveEntry source, String destinationDirectoryName, Boolean overwrite)
   at System.IO.Compression.ZipFileExtensions.ExtractToDirectory(ZipArchive source, String destinationDirectoryName, Boolean overwriteFiles)
   at BingPaper.MainWindow.AutoUpdateListAsync() in E:\Users\Administrator\source\repos\BingPaper\MainWindow.xaml.cs:line 2793

2026-07-11 16:40:48 - [Program] Starting BingWPDLHelper...
2026-07-11 16:40:48 - [Program] Bootstrap.TryInitialize returned: hresult=0x00000000
2026-07-11 16:40:48 - [Program] WinRT.ComWrappersSupport.InitializeComWrappers() called
2026-07-11 16:40:49 - [Program] Application.Start callback invoked
2026-07-11 16:40:49 - [Program] SynchronizationContext set
2026-07-11 16:40:49 - [Program] App instance created
2026-07-11 16:40:51 - [Program] MainWindow created
2026-07-11 16:40:51 - [Program] Window activated
2026-07-11 16:52:12 - [Program] Starting BingWPDLHelper...
2026-07-11 16:52:12 - [Program] Bootstrap.TryInitialize returned: hresult=0x00000000
2026-07-11 16:52:12 - [Program] WinRT.ComWrappersSupport.InitializeComWrappers() called
2026-07-11 16:52:12 - [Program] Application.Start callback invoked
2026-07-11 16:52:12 - [Program] SynchronizationContext set
2026-07-11 16:52:12 - [Program] App instance created
2026-07-11 16:52:14 - [Debug] TitleBar insets: Left=0 Right=138
2026-07-11 16:52:14 - [Program] MainWindow created
2026-07-11 16:52:15 - [Debug] TitleBar insets: Left=0 Right=138
2026-07-11 16:52:15 - [Program] Window activated
2026-07-11 16:52:16 - [Debug] TitleBar insets: Left=0 Right=138
2026-07-11 16:52:16 - [Debug] TitleBar insets: Left=0 Right=138
2026-07-11 16:52:17 - [Debug] TitleBar insets: Left=0 Right=138
2026-07-11 16:52:18 - [Debug] TitleBar insets: Left=0 Right=138
2026-07-11 17:03:24 - [Program] Starting BingWPDLHelper...
2026-07-11 17:03:24 - [Program] Bootstrap.TryInitialize returned: hresult=0x00000000
2026-07-11 17:03:24 - [Program] WinRT.ComWrappersSupport.InitializeComWrappers() called
2026-07-11 17:03:25 - [Program] Application.Start callback invoked
2026-07-11 17:03:25 - [Program] SynchronizationContext set
2026-07-11 17:03:25 - [Program] App instance created
2026-07-11 17:03:26 - [Debug] TitleBar insets: Left=0 Right=138
2026-07-11 17:03:26 - [Debug] TitleBar insets: Left=0 Right=138
2026-07-11 17:03:27 - [Program] MainWindow created
2026-07-11 17:03:27 - [Debug] TitleBar insets: Left=0 Right=138
2026-07-11 17:03:27 - [Program] Window activated
2026-07-11 17:03:28 - [Debug] TitleBar insets: Left=0 Right=138
2026-07-11 17:03:30 - [Debug] TitleBar insets: Left=0 Right=138
2026-07-11 17:03:32 - [Debug] TitleBar insets: Left=0 Right=138
